[proquipenterprises.weebly.com/index.html]
[backblue.gif]
[fade.gif]
[index.html]
[proquipenterprises.weebly.com/uploads/9/1/0/5/91057670/published/proquip0015c5d.png]
[proquipenterprises.weebly.com/uploads/9/1/0/5/91057670/camera-companies-logos_orig.png]
[cdn2.editmysite.com/css/sites7c39.css]
[cdn2.editmysite.com/css/old/fancybox7721.css]
[cdn2.editmysite.com/css/social-iconsd958.css]
[proquipenterprises.weebly.com/uploads/9/1/0/5/91057670/background-images/1177546391.jpg]
[ajax.googleapis.com/ajax/libs/jquery/1.8.3/jquery.min.js]
[proquipenterprises.weebly.com/files/main_style6f71.css]
[cdn2.editmysite.com/js/site/theme-plugins7c39.js]
[www.google.com/recaptcha/api.js]
[cdn2.editmysite.com/js/lang/en/stl2159.js]
[proquipenterprises.weebly.com/our-products.html]
[proquipenterprises.weebly.com/our-programs.html]
[proquipenterprises.weebly.com/contact-us.html]
[cdn2.editmysite.com/images/site/footer/footer-toast-published-image-1.png]
[cdn2.editmysite.com/js/site/footerSignup2c98.js]
[proquipenterprises.weebly.com/files/theme/custom4f83.js]
[proquipenterprises.weebly.com/files/theme/plugins4f83.js]
[proquipenterprises.weebly.com/index.html]
[cdn2.editmysite.com/js/site/main7c39.js]
[cdn2.editmysite.com/images/util/videojs/white-bar.png]
[cdn2.editmysite.com/js/wsnbn/snowday262.js]
[cdn2.editmysite.com/images/util/videojs/@2x/white-bar.png]
[cdn2.editmysite.com/images/util/videojs/gradient.png]
[cdn2.editmysite.com/images/util/videojs/@2x/gradient.png]
[cdn2.editmysite.com/sprites/util/videojs-sacae758aa2.png]
[cdn2.editmysite.com/sprites/util/videojs/@2x-s2aff7e7d9a.png]
[cdn2.editmysite.com/images/util/videojs/volume-filled.png]
[cdn2.editmysite.com/images/util/videojs/@2x/volume-filled.png]
[cdn2.editmysite.com/images/util/videojs/volume-mute.png]
[cdn2.editmysite.com/images/util/videojs/@2x/volume-mute.png]
[cdn2.editmysite.com/images/util/videojs/blue-bar.png]
[cdn2.editmysite.com/images/util/videojs/@2x/blue-bar.png]
[cdn2.editmysite.com/images/util/videojs/maximize-icon.png]
[cdn2.editmysite.com/images/util/videojs/@2x/maximize-icon.png]
[cdn2.editmysite.com/images/util/videojs/minimize-icon.png]
[cdn2.editmysite.com/images/util/videojs/@2x/minimize-icon.png]
[cdn2.editmysite.com/images/util/videojs/play-icon.png]
[cdn2.editmysite.com/images/util/videojs/@2x/play-icon.png]
[cdn2.editmysite.com/images/util/videojs/sad-face.png]
[cdn2.editmysite.com/images/util/videojs/@2x/sad-face.png]
[cdn2.editmysite.com/images/util/videojs/loading-icon.png]
[cdn2.editmysite.com/images/util/videojs/@2x/loading-icon.png]
[cdn2.editmysite.com/images/common/buttons/small_grey.png]
[cdn2.editmysite.com/images/common/buttons/small_blue.png]
[cdn2.editmysite.com/images/old/button/large_grey.png]
[cdn2.editmysite.com/images/common/buttons/large_blue.png]
[cdn2.editmysite.com/images/common/search-light.png]
[cdn2.editmysite.com/images/common/social_icons.png]
[cdn2.editmysite.com/images/common/blog/blog-comment-button.png]
[cdn2.editmysite.com/images/common/blog/blog-comment-header.png]
[cdn2.editmysite.com/images/common/blog/blog-comment-pointer.png]
[cdn2.editmysite.com/images/common/blog/blog-comment-link.png]
[cdn2.editmysite.com/images/common/blog/blog-comment-header-author.png]
[cdn2.editmysite.com/images/common/blog/blog-comment-pointer-author.png]
[cdn2.editmysite.com/images/common/blog/blog-comment-field-bg.png]
[cdn2.editmysite.com/images/common/blog/dark-blog-comment-header.png]
[cdn2.editmysite.com/images/common/blog/dark-blog-comment-pointer.png]
[cdn2.editmysite.com/images/common/blog/dark-blog-comment-header-author.png]
[cdn2.editmysite.com/images/common/blog/dark-blog-comment-pointer-author.png]
[cdn2.editmysite.com/images/common/blog/dark-blog-comment-link.png]
[cdn2.editmysite.com/js/site/main-customer-accounts-site7c39.js]
[cdn2.editmysite.com/images/util/general/blank.gif]
[cdn2.editmysite.com/images/common/lightbox/prevlabel.gif]
[cdn2.editmysite.com/images/common/lightbox/nextlabel.gif]
[cdn2.editmysite.com/sprites/util/inputs/checkmarkBox-s7868418152.png]
[cdn2.editmysite.com/sprites/util/inputs/checkmarkBox/@2x-s211a47d318.png]
[cdn2.editmysite.com/images/util/inputs/search-input-bg.jpg]
[cdn2.editmysite.com/images/common/magnifying-glass.png]
[cdn2.editmysite.com/images/common/checkmarks/checkmark-mini.png]
[cdn2.editmysite.com/images/common/checkmarks/@2x/checkmark-mini.png]
[cdn2.editmysite.com/images/common/search-pagination-bg.png]
[cdn2.editmysite.com/images/util/general/top-triangle-000.png]
[cdn2.editmysite.com/images/util/general/bottom-triangle-000.png]
[cdn2.editmysite.com/images/util/general/top-triangle-000@2x.png]
[cdn2.editmysite.com/images/util/general/bottom-triangle-000@2x.png]
[cdn2.editmysite.com/sprites/common/social-icons-s5ea5500bdb.png]
[cdn2.editmysite.com/sprites/common/social-icons/@2x-s0ae7d70c70.png]
[cdn2.editmysite.com/sprites/site/mini-cart-s86c48effae.png]
[cdn2.editmysite.com/sprites/site/mini-cart/@2x-s576cbc3f90.png]
[cdn2.editmysite.com/images/loading.gif]
[cdn2.editmysite.com/sprites/site/mobile/commerce-sdf6d4e852c.png]
[cdn2.editmysite.com/sprites/site/mobile/commerce/@2x-s82f968c453.png]
[cdn2.editmysite.com/images/site/checkout/paypal.png]
[cdn2.editmysite.com/images/site/checkout/@2x/paypal.png]
[cdn2.editmysite.com/images/site/checkout/credit-cards.png]
[cdn2.editmysite.com/images/site/checkout/@2x/credit-cards.png]
[cdn2.editmysite.com/images/site/checkout/print.png]
[cdn2.editmysite.com/images/site/checkout/print@2x.png]
[cdn2.editmysite.com/images/vendor/select2/select2.png]
[cdn2.editmysite.com/images/vendor/select2/select2-spinner.gif]
[cdn2.editmysite.com/images/vendor/select2/select2x2.png]
[cdn2.editmysite.com/images/util/spinner/spinner-dark.png]
[cdn2.editmysite.com/images/util/spinner/spinner-light.png]
[cdn2.editmysite.com/images/util/loading-white-w24.gif]
[cdn2.editmysite.com/images/common/form_input_bg.gif]
[cdn2.editmysite.com/sprites/site/forms-s3786257308.png]
[cdn2.editmysite.com/sprites/site/forms/@2x-s47607b315a.png]
[cdn2.editmysite.com/images/blank.gif]
[cdn2.editmysite.com/images/old/photoswipe/loader.gif]
[cdn2.editmysite.com/images/old/photoswipe/error.gif]
[cdn2.editmysite.com/images/old/photoswipe/icons.png]
[cdn2.editmysite.com/images/old/photoswipe/icons@2x.png]
[cdn2.editmysite.com/css/sites7c39.css]
[cdn2.editmysite.com/images/old/fancybox/fancybox_sprite.png]
[cdn2.editmysite.com/images/old/fancybox/fancybox_loading.gif]
[cdn2.editmysite.com/images/old/fancybox/blank.gif]
[cdn2.editmysite.com/images/old/fancybox/fancybox_overlay.png]
[cdn2.editmysite.com/css/old/fancybox7721.css]
[cdn2.editmysite.com/css/social-iconsd958.css]
[proquipenterprises.weebly.com/files/theme/images/dark-search6f71.png]
[proquipenterprises.weebly.com/files/theme/images/dark-cart-26f71.png]
[proquipenterprises.weebly.com/files/theme/images/dark-cart6f71.png]
[proquipenterprises.weebly.com/files/theme/images/bg-dark6f71.jpg]
[proquipenterprises.weebly.com/files/theme/images/product-expand6f71.png]
[proquipenterprises.weebly.com/files/theme/images/dark-share6f71.png]
[proquipenterprises.weebly.com/files/theme/images/dropdown6f71.png]
[proquipenterprises.weebly.com/files/main_style6f71.css]
[proquipenterprises.weebly.com/uploads/9/1/0/5/91057670/published/wp-20181125-14-18-11-pro518d.jpg]
[proquipenterprises.weebly.com/uploads/9/1/0/5/91057670/published/img-20190227-wa0001a08d.jpg]
[proquipenterprises.weebly.com/uploads/9/1/0/5/91057670/capture7_orig.png]
[proquipenterprises.weebly.com/uploads/9/1/0/5/91057670/0230_orig.png]
[proquipenterprises.weebly.com/uploads/9/1/0/5/91057670/published/supreme-gold3f61.jpg]
[proquipenterprises.weebly.com/uploads/9/1/0/5/91057670/published/13692.jpg]
[proquipenterprises.weebly.com/uploads/9/1/0/5/91057670/editor/capture471d0.png]
[proquipenterprises.weebly.com/uploads/9/1/0/5/91057670/editor/capture5fabf.png]
[proquipenterprises.weebly.com/uploads/9/1/0/5/91057670/c1010_orig.png]
[proquipenterprises.weebly.com/uploads/9/1/0/5/91057670/c2020_orig.png]
[proquipenterprises.weebly.com/uploads/9/1/0/5/91057670/published/b1010bb07.png]
[proquipenterprises.weebly.com/uploads/9/1/0/5/91057670/published/b2020afbb.png]
[proquipenterprises.weebly.com/uploads/9/1/0/5/91057670/a1010_orig.png]
[proquipenterprises.weebly.com/uploads/9/1/0/5/91057670/a2020_orig.png]
[proquipenterprises.weebly.com/uploads/9/1/0/5/91057670/012000_orig.png]
[proquipenterprises.weebly.com/uploads/9/1/0/5/91057670/published/01010fe7a.png]
[proquipenterprises.weebly.com/uploads/9/1/0/5/91057670/010010_orig.png]
[proquipenterprises.weebly.com/uploads/9/1/0/5/91057670/00000055_orig.png]
[proquipenterprises.weebly.com/uploads/9/1/0/5/91057670/published/2hh31c1.png]
[proquipenterprises.weebly.com/uploads/9/1/0/5/91057670/parabola-2_orig.jpg]
[proquipenterprises.weebly.com/uploads/9/1/0/5/91057670/published/parabola-16764.jpg]
[proquipenterprises.weebly.com/uploads/9/1/0/5/91057670/editor/dsc-13131525.jpg]
[proquipenterprises.weebly.com/uploads/9/1/0/5/91057670/published/11168c2b.png]
[proquipenterprises.weebly.com/uploads/9/1/0/5/91057670/1114_orig.png]
[proquipenterprises.weebly.com/uploads/9/1/0/5/91057670/dsc-0793_orig.jpg]
[proquipenterprises.weebly.com/uploads/9/1/0/5/91057670/capture20_orig.png]
[proquipenterprises.weebly.com/uploads/9/1/0/5/91057670/0000022_orig.png]
[proquipenterprises.weebly.com/uploads/9/1/0/5/91057670/1112_orig.png]
[proquipenterprises.weebly.com/uploads/9/1/0/5/91057670/1100_orig.png]
[proquipenterprises.weebly.com/uploads/9/1/0/5/91057670/published/10016a2e.png]
[proquipenterprises.weebly.com/uploads/9/1/0/5/91057670/published/111111e3.png]
[proquipenterprises.weebly.com/uploads/9/1/0/5/91057670/cutter-1_orig.png]
[proquipenterprises.weebly.com/uploads/9/1/0/5/91057670/cutter-2_orig.png]
[proquipenterprises.weebly.com/uploads/9/1/0/5/91057670/209_orig.png]
[proquipenterprises.weebly.com/uploads/9/1/0/5/91057670/210_orig.png]
[proquipenterprises.weebly.com/uploads/9/1/0/5/91057670/published/img-20200503-wa0037b1d7.jpg]
[proquipenterprises.weebly.com/uploads/9/1/0/5/91057670/201_orig.png]
[proquipenterprises.weebly.com/uploads/9/1/0/5/91057670/202_orig.png]
[proquipenterprises.weebly.com/uploads/9/1/0/5/91057670/203_orig.png]
[proquipenterprises.weebly.com/uploads/9/1/0/5/91057670/205_orig.png]
[proquipenterprises.weebly.com/uploads/9/1/0/5/91057670/206_orig.png]
[proquipenterprises.weebly.com/uploads/9/1/0/5/91057670/207_orig.png]
[proquipenterprises.weebly.com/uploads/9/1/0/5/91057670/published/212d510.png]
[proquipenterprises.weebly.com/uploads/9/1/0/5/91057670/canvas1_orig.png]
[proquipenterprises.weebly.com/uploads/9/1/0/5/91057670/canvas2_orig.png]
[proquipenterprises.weebly.com/uploads/9/1/0/5/91057670/canvas3_orig.png]
[proquipenterprises.weebly.com/uploads/9/1/0/5/91057670/canvas4_orig.png]
[proquipenterprises.weebly.com/uploads/9/1/0/5/91057670/canvas5_orig.png]
[proquipenterprises.weebly.com/uploads/9/1/0/5/91057670/canvas6_orig.png]
[proquipenterprises.weebly.com/uploads/9/1/0/5/91057670/canvas7_orig.png]
[proquipenterprises.weebly.com/uploads/9/1/0/5/91057670/canvas8_orig.png]
[proquipenterprises.weebly.com/uploads/9/1/0/5/91057670/canvas9_orig.png]
[proquipenterprises.weebly.com/uploads/9/1/0/5/91057670/canvas10_orig.png]
[proquipenterprises.weebly.com/uploads/9/1/0/5/91057670/canvas11_orig.png]
[proquipenterprises.weebly.com/uploads/9/1/0/5/91057670/canvas12_orig.png]
[proquipenterprises.weebly.com/uploads/9/1/0/5/91057670/canvas13_orig.png]
[proquipenterprises.weebly.com/uploads/9/1/0/5/91057670/canvas14_orig.png]
[proquipenterprises.weebly.com/uploads/9/1/0/5/91057670/canvas15_orig.png]
[proquipenterprises.weebly.com/uploads/9/1/0/5/91057670/canvas16_orig.png]
[proquipenterprises.weebly.com/uploads/9/1/0/5/91057670/canvas17_orig.png]
[proquipenterprises.weebly.com/uploads/9/1/0/5/91057670/seamless-paper-banner_orig.jpg]
[proquipenterprises.weebly.com/uploads/9/1/0/5/91057670/published/dsc-09607bf9.jpg]
[proquipenterprises.weebly.com/uploads/9/1/0/5/91057670/dsc-0968_orig.jpg]
[proquipenterprises.weebly.com/uploads/9/1/0/5/91057670/dsc-0929_orig.jpg]
[proquipenterprises.weebly.com/uploads/9/1/0/5/91057670/20200430-185558_orig.jpg]
[proquipenterprises.weebly.com/uploads/9/1/0/5/91057670/20200430-185400_orig.jpg]
[proquipenterprises.weebly.com/uploads/9/1/0/5/91057670/dsc-0193_orig.jpg]
[proquipenterprises.weebly.com/uploads/9/1/0/5/91057670/dsc-1066_orig.jpg]
[proquipenterprises.weebly.com/uploads/9/1/0/5/91057670/dsc-1050_orig.jpg]
[proquipenterprises.weebly.com/uploads/9/1/0/5/91057670/dsc-1043_orig.jpg]
[proquipenterprises.weebly.com/uploads/9/1/0/5/91057670/img-20190418-wa0006_orig.jpg]
[proquipenterprises.weebly.com/uploads/9/1/0/5/91057670/img-20190418-wa0007_orig.jpg]
[proquipenterprises.weebly.com/uploads/9/1/0/5/91057670/download1_orig.png]
[proquipenterprises.weebly.com/uploads/9/1/0/5/91057670/download-2_orig.jpg]
[proquipenterprises.weebly.com/uploads/9/1/0/5/91057670/dsc-1388_orig.jpg]
[proquipenterprises.weebly.com/uploads/9/1/0/5/91057670/dsc-1398_orig.jpg]
[proquipenterprises.weebly.com/uploads/9/1/0/5/91057670/dsc-1269-copy_orig.jpg]
[proquipenterprises.weebly.com/uploads/9/1/0/5/91057670/dsc-1346_orig.jpg]
[proquipenterprises.weebly.com/our-products.html]
[cdn2.editmysite.com/images/site/footer/og-image-placeholder-blank.png]
[proquipenterprises.weebly.com/our-programs.html]
[proquipenterprises.weebly.com/contact-us.html]
[proquipenterprises.weebly.com/_/uploads/9/1/0/5/91057670/background-images/1177546391.html]
